echo "this is rg tpl"
echo "Hi,abc"
echo "love rg?"
